/bin/sh: 1: /home/goline/huy/quant_chat_bot/LLM_Project/run_schedule.sh: Permission denied
/home/goline/huy/quant_chat_bot/LLM_Project/run_schedule.sh: 1: conda: not found
/home/goline/huy/quant_chat_bot/LLM_Project/run_schedule.sh: 3: python: not found
/home/goline/huy/quant_chat_bot/LLM_Project/run_schedule.sh: 1: conda: not found
/home/goline/huy/quant_chat_bot/LLM_Project/run_schedule.sh: 3: python: not found
/home/goline/huy/quant_chat_bot/LLM_Project/run_schedule.sh: 1: conda: not found
/home/goline/huy/quant_chat_bot/LLM_Project/run_schedule.sh: 3: python: not found
/home/goline/huy/quant_chat_bot/LLM_Project/run_schedule.sh: 1: conda: not found
/home/goline/huy/quant_chat_bot/LLM_Project/run_schedule.sh: 3: python: not found
/home/goline/huy/quant_chat_bot/LLM_Project/run_schedule.sh: 1: conda: not found
/home/goline/huy/quant_chat_bot/LLM_Project/run_schedule.sh: 3: python: not found
/home/goline/huy/quant_chat_bot/LLM_Project/run_schedule.sh: 1: conda: not found
/home/goline/huy/quant_chat_bot/LLM_Project/run_schedule.sh: 3: python: not found
=== Bắt đầu crawler ===
Traceback (most recent call last):
  File "/home/goline/anaconda3/envs/quant_chat_bot/lib/python3.10/site-packages/urllib3/connection.py", line 174, in _new_conn
    conn = connection.create_connection(
  File "/home/goline/anaconda3/envs/quant_chat_bot/lib/python3.10/site-packages/urllib3/util/connection.py", line 95, in create_connection
    raise err
  File "/home/goline/anaconda3/envs/quant_chat_bot/lib/python3.10/site-packages/urllib3/util/connection.py", line 85, in create_connection
    sock.connect(sa)
OSError: [Errno 101] Network is unreachable

During handling of the above exception, another exception occurred:

Traceback (most recent call last):
  File "/home/goline/anaconda3/envs/quant_chat_bot/lib/python3.10/site-packages/urllib3/connectionpool.py", line 716, in urlopen
    httplib_response = self._make_request(
  File "/home/goline/anaconda3/envs/quant_chat_bot/lib/python3.10/site-packages/urllib3/connectionpool.py", line 404, in _make_request
    self._validate_conn(conn)
  File "/home/goline/anaconda3/envs/quant_chat_bot/lib/python3.10/site-packages/urllib3/connectionpool.py", line 1061, in _validate_conn
    conn.connect()
  File "/home/goline/anaconda3/envs/quant_chat_bot/lib/python3.10/site-packages/urllib3/connection.py", line 363, in connect
    self.sock = conn = self._new_conn()
  File "/home/goline/anaconda3/envs/quant_chat_bot/lib/python3.10/site-packages/urllib3/connection.py", line 186, in _new_conn
    raise NewConnectionError(
urllib3.exceptions.NewConnectionError: <urllib3.connection.HTTPSConnection object at 0x79fee49c3040>: Failed to establish a new connection: [Errno 101] Network is unreachable

During handling of the above exception, another exception occurred:

Traceback (most recent call last):
  File "/home/goline/anaconda3/envs/quant_chat_bot/lib/python3.10/site-packages/requests/adapters.py", line 667, in send
    resp = conn.urlopen(
  File "/home/goline/anaconda3/envs/quant_chat_bot/lib/python3.10/site-packages/urllib3/connectionpool.py", line 802, in urlopen
    retries = retries.increment(
  File "/home/goline/anaconda3/envs/quant_chat_bot/lib/python3.10/site-packages/urllib3/util/retry.py", line 594, in increment
    raise MaxRetryError(_pool, url, error or ResponseError(cause))
urllib3.exceptions.MaxRetryError: HTTPSConnectionPool(host='cafef.vn', port=443): Max retries exceeded with url: /tai-chinh-quoc-te.chn (Caused by NewConnectionError('<urllib3.connection.HTTPSConnection object at 0x79fee49c3040>: Failed to establish a new connection: [Errno 101] Network is unreachable'))

During handling of the above exception, another exception occurred:

Traceback (most recent call last):
  File "/home/goline/anaconda3/envs/quant_chat_bot/lib/python3.10/runpy.py", line 196, in _run_module_as_main
    return _run_code(code, main_globals, None,
  File "/home/goline/anaconda3/envs/quant_chat_bot/lib/python3.10/runpy.py", line 86, in _run_code
    exec(code, run_globals)
  File "/home/goline/huy/quant_chat_bot/LLM_Project/app/run_schedule.py", line 6, in <module>
    crawl_result = run_crawler("all", 1)
  File "/home/goline/huy/quant_chat_bot/LLM_Project/app/api/crawl.py", line 12, in run_crawler
    global_stocks += cafefCrawler(channelID=18832, news_type=1, topic="tai-chinh-quoc-te", days=days)
  File "/home/goline/huy/quant_chat_bot/LLM_Project/app/news_crawler/crawl_cafef.py", line 31, in cafefCrawler
    response = requests.get(main_url, headers=headers)
  File "/home/goline/anaconda3/envs/quant_chat_bot/lib/python3.10/site-packages/requests/api.py", line 73, in get
    return request("get", url, params=params, **kwargs)
  File "/home/goline/anaconda3/envs/quant_chat_bot/lib/python3.10/site-packages/requests/api.py", line 59, in request
    return session.request(method=method, url=url, **kwargs)
  File "/home/goline/anaconda3/envs/quant_chat_bot/lib/python3.10/site-packages/requests/sessions.py", line 589, in request
    resp = self.send(prep, **send_kwargs)
  File "/home/goline/anaconda3/envs/quant_chat_bot/lib/python3.10/site-packages/requests/sessions.py", line 703, in send
    r = adapter.send(request, **kwargs)
  File "/home/goline/anaconda3/envs/quant_chat_bot/lib/python3.10/site-packages/requests/adapters.py", line 700, in send
    raise ConnectionError(e, request=request)
requests.exceptions.ConnectionError: HTTPSConnectionPool(host='cafef.vn', port=443): Max retries exceeded with url: /tai-chinh-quoc-te.chn (Caused by NewConnectionError('<urllib3.connection.HTTPSConnection object at 0x79fee49c3040>: Failed to establish a new connection: [Errno 101] Network is unreachable'))
Bắt đầu Crawl dữ liệu...
Crawling cafef với topic là: tai-chinh-quoc-te
=== Xong ===
=== Bắt đầu crawler ===
Traceback (most recent call last):
  File "/home/goline/anaconda3/envs/quant_chat_bot/lib/python3.10/site-packages/urllib3/connection.py", line 174, in _new_conn
    conn = connection.create_connection(
  File "/home/goline/anaconda3/envs/quant_chat_bot/lib/python3.10/site-packages/urllib3/util/connection.py", line 95, in create_connection
    raise err
  File "/home/goline/anaconda3/envs/quant_chat_bot/lib/python3.10/site-packages/urllib3/util/connection.py", line 85, in create_connection
    sock.connect(sa)
OSError: [Errno 101] Network is unreachable

During handling of the above exception, another exception occurred:

Traceback (most recent call last):
  File "/home/goline/anaconda3/envs/quant_chat_bot/lib/python3.10/site-packages/urllib3/connectionpool.py", line 716, in urlopen
    httplib_response = self._make_request(
  File "/home/goline/anaconda3/envs/quant_chat_bot/lib/python3.10/site-packages/urllib3/connectionpool.py", line 404, in _make_request
    self._validate_conn(conn)
  File "/home/goline/anaconda3/envs/quant_chat_bot/lib/python3.10/site-packages/urllib3/connectionpool.py", line 1061, in _validate_conn
    conn.connect()
  File "/home/goline/anaconda3/envs/quant_chat_bot/lib/python3.10/site-packages/urllib3/connection.py", line 363, in connect
    self.sock = conn = self._new_conn()
  File "/home/goline/anaconda3/envs/quant_chat_bot/lib/python3.10/site-packages/urllib3/connection.py", line 186, in _new_conn
    raise NewConnectionError(
urllib3.exceptions.NewConnectionError: <urllib3.connection.HTTPSConnection object at 0x7a2f2ddbac20>: Failed to establish a new connection: [Errno 101] Network is unreachable

During handling of the above exception, another exception occurred:

Traceback (most recent call last):
  File "/home/goline/anaconda3/envs/quant_chat_bot/lib/python3.10/site-packages/requests/adapters.py", line 667, in send
    resp = conn.urlopen(
  File "/home/goline/anaconda3/envs/quant_chat_bot/lib/python3.10/site-packages/urllib3/connectionpool.py", line 802, in urlopen
    retries = retries.increment(
  File "/home/goline/anaconda3/envs/quant_chat_bot/lib/python3.10/site-packages/urllib3/util/retry.py", line 594, in increment
    raise MaxRetryError(_pool, url, error or ResponseError(cause))
urllib3.exceptions.MaxRetryError: HTTPSConnectionPool(host='cafef.vn', port=443): Max retries exceeded with url: /tai-chinh-quoc-te.chn (Caused by NewConnectionError('<urllib3.connection.HTTPSConnection object at 0x7a2f2ddbac20>: Failed to establish a new connection: [Errno 101] Network is unreachable'))

During handling of the above exception, another exception occurred:

Traceback (most recent call last):
  File "/home/goline/anaconda3/envs/quant_chat_bot/lib/python3.10/runpy.py", line 196, in _run_module_as_main
    return _run_code(code, main_globals, None,
  File "/home/goline/anaconda3/envs/quant_chat_bot/lib/python3.10/runpy.py", line 86, in _run_code
    exec(code, run_globals)
  File "/home/goline/huy/quant_chat_bot/LLM_Project/app/run_schedule.py", line 6, in <module>
    crawl_result = run_crawler("all", 1)
  File "/home/goline/huy/quant_chat_bot/LLM_Project/app/api/crawl.py", line 12, in run_crawler
    global_stocks += cafefCrawler(channelID=18832, news_type=1, topic="tai-chinh-quoc-te", days=days)
  File "/home/goline/huy/quant_chat_bot/LLM_Project/app/news_crawler/crawl_cafef.py", line 31, in cafefCrawler
    response = requests.get(main_url, headers=headers)
  File "/home/goline/anaconda3/envs/quant_chat_bot/lib/python3.10/site-packages/requests/api.py", line 73, in get
    return request("get", url, params=params, **kwargs)
  File "/home/goline/anaconda3/envs/quant_chat_bot/lib/python3.10/site-packages/requests/api.py", line 59, in request
    return session.request(method=method, url=url, **kwargs)
  File "/home/goline/anaconda3/envs/quant_chat_bot/lib/python3.10/site-packages/requests/sessions.py", line 589, in request
    resp = self.send(prep, **send_kwargs)
  File "/home/goline/anaconda3/envs/quant_chat_bot/lib/python3.10/site-packages/requests/sessions.py", line 703, in send
    r = adapter.send(request, **kwargs)
  File "/home/goline/anaconda3/envs/quant_chat_bot/lib/python3.10/site-packages/requests/adapters.py", line 700, in send
    raise ConnectionError(e, request=request)
requests.exceptions.ConnectionError: HTTPSConnectionPool(host='cafef.vn', port=443): Max retries exceeded with url: /tai-chinh-quoc-te.chn (Caused by NewConnectionError('<urllib3.connection.HTTPSConnection object at 0x7a2f2ddbac20>: Failed to establish a new connection: [Errno 101] Network is unreachable'))
Bắt đầu Crawl dữ liệu...
Crawling cafef với topic là: tai-chinh-quoc-te
=== Xong ===
=== Bắt đầu crawler ===
Traceback (most recent call last):
  File "/home/goline/anaconda3/envs/quant_chat_bot/lib/python3.10/site-packages/urllib3/connection.py", line 174, in _new_conn
    conn = connection.create_connection(
  File "/home/goline/anaconda3/envs/quant_chat_bot/lib/python3.10/site-packages/urllib3/util/connection.py", line 95, in create_connection
    raise err
  File "/home/goline/anaconda3/envs/quant_chat_bot/lib/python3.10/site-packages/urllib3/util/connection.py", line 85, in create_connection
    sock.connect(sa)
OSError: [Errno 101] Network is unreachable

During handling of the above exception, another exception occurred:

Traceback (most recent call last):
  File "/home/goline/anaconda3/envs/quant_chat_bot/lib/python3.10/site-packages/urllib3/connectionpool.py", line 716, in urlopen
    httplib_response = self._make_request(
  File "/home/goline/anaconda3/envs/quant_chat_bot/lib/python3.10/site-packages/urllib3/connectionpool.py", line 404, in _make_request
    self._validate_conn(conn)
  File "/home/goline/anaconda3/envs/quant_chat_bot/lib/python3.10/site-packages/urllib3/connectionpool.py", line 1061, in _validate_conn
    conn.connect()
  File "/home/goline/anaconda3/envs/quant_chat_bot/lib/python3.10/site-packages/urllib3/connection.py", line 363, in connect
    self.sock = conn = self._new_conn()
  File "/home/goline/anaconda3/envs/quant_chat_bot/lib/python3.10/site-packages/urllib3/connection.py", line 186, in _new_conn
    raise NewConnectionError(
urllib3.exceptions.NewConnectionError: <urllib3.connection.HTTPSConnection object at 0x7a00877c2b00>: Failed to establish a new connection: [Errno 101] Network is unreachable

During handling of the above exception, another exception occurred:

Traceback (most recent call last):
  File "/home/goline/anaconda3/envs/quant_chat_bot/lib/python3.10/site-packages/requests/adapters.py", line 667, in send
    resp = conn.urlopen(
  File "/home/goline/anaconda3/envs/quant_chat_bot/lib/python3.10/site-packages/urllib3/connectionpool.py", line 802, in urlopen
    retries = retries.increment(
  File "/home/goline/anaconda3/envs/quant_chat_bot/lib/python3.10/site-packages/urllib3/util/retry.py", line 594, in increment
    raise MaxRetryError(_pool, url, error or ResponseError(cause))
urllib3.exceptions.MaxRetryError: HTTPSConnectionPool(host='cafef.vn', port=443): Max retries exceeded with url: /tai-chinh-quoc-te.chn (Caused by NewConnectionError('<urllib3.connection.HTTPSConnection object at 0x7a00877c2b00>: Failed to establish a new connection: [Errno 101] Network is unreachable'))

During handling of the above exception, another exception occurred:

Traceback (most recent call last):
  File "/home/goline/anaconda3/envs/quant_chat_bot/lib/python3.10/runpy.py", line 196, in _run_module_as_main
    return _run_code(code, main_globals, None,
  File "/home/goline/anaconda3/envs/quant_chat_bot/lib/python3.10/runpy.py", line 86, in _run_code
    exec(code, run_globals)
  File "/home/goline/huy/quant_chat_bot/LLM_Project/app/run_schedule.py", line 6, in <module>
    crawl_result = run_crawler("all", 1)
  File "/home/goline/huy/quant_chat_bot/LLM_Project/app/api/crawl.py", line 12, in run_crawler
    global_stocks += cafefCrawler(channelID=18832, news_type=1, topic="tai-chinh-quoc-te", days=days)
  File "/home/goline/huy/quant_chat_bot/LLM_Project/app/news_crawler/crawl_cafef.py", line 31, in cafefCrawler
    response = requests.get(main_url, headers=headers)
  File "/home/goline/anaconda3/envs/quant_chat_bot/lib/python3.10/site-packages/requests/api.py", line 73, in get
    return request("get", url, params=params, **kwargs)
  File "/home/goline/anaconda3/envs/quant_chat_bot/lib/python3.10/site-packages/requests/api.py", line 59, in request
    return session.request(method=method, url=url, **kwargs)
  File "/home/goline/anaconda3/envs/quant_chat_bot/lib/python3.10/site-packages/requests/sessions.py", line 589, in request
    resp = self.send(prep, **send_kwargs)
  File "/home/goline/anaconda3/envs/quant_chat_bot/lib/python3.10/site-packages/requests/sessions.py", line 703, in send
    r = adapter.send(request, **kwargs)
  File "/home/goline/anaconda3/envs/quant_chat_bot/lib/python3.10/site-packages/requests/adapters.py", line 700, in send
    raise ConnectionError(e, request=request)
requests.exceptions.ConnectionError: HTTPSConnectionPool(host='cafef.vn', port=443): Max retries exceeded with url: /tai-chinh-quoc-te.chn (Caused by NewConnectionError('<urllib3.connection.HTTPSConnection object at 0x7a00877c2b00>: Failed to establish a new connection: [Errno 101] Network is unreachable'))
Bắt đầu Crawl dữ liệu...
Crawling cafef với topic là: tai-chinh-quoc-te
=== Xong ===
=== Bắt đầu crawler ===
Bắt đầu Crawl dữ liệu...
Crawling cafef với topic là: tai-chinh-quoc-te
(cafef) Request trang chủ thành công!
(cafef) Request timeline trang 2 thành công!
(cafef) Request timeline trang 3 thành công!
Đã đạt đến dữ liệu cũ hơn 1 ngày. Dừng crawl.
Crawling cafef với topic là: thi-truong
(cafef) Request trang chủ thành công!
(cafef) Request timeline trang 2 thành công!
Đã đạt đến dữ liệu cũ hơn 1 ngày. Dừng crawl.
Crawling cafef với topic là: vi-mo-dau-tu
(cafef) Request trang chủ thành công!
(cafef) Request timeline trang 2 thành công!
Đã đạt đến dữ liệu cũ hơn 1 ngày. Dừng crawl.
Crawling vietstock với channelID là: 773

(Vietstock) Đang xử lý trang 1:
(Vietstock) Không tìm thấy thời gian trong bài viết: http://fili.vn/2025/08/dow-jones-giam-hon-200-diem-773-1339262.htm
Đã đạt đến dữ liệu cũ hơn 1 ngày. Dừng crawl.
Crawling vietstock với channelID là: 1636

(Vietstock) Đang xử lý trang 1:
Đã đạt đến dữ liệu cũ hơn 1 ngày. Dừng crawl.
Crawling vietstock với channelID là: 761

(Vietstock) Đang xử lý trang 1:
Đã đạt đến dữ liệu cũ hơn 1 ngày. Dừng crawl.
Đã thêm dữ liệu tin tức.
Crawl thành công!
=== Xong ===
=== Bắt đầu crawler ===
Bắt đầu Crawl dữ liệu...
Crawling cafef với topic là: tai-chinh-quoc-te
(cafef) Request trang chủ thành công!
(cafef) Request timeline trang 2 thành công!
(cafef) Request timeline trang 3 thành công!
Đã đạt đến dữ liệu cũ hơn 1 ngày. Dừng crawl.
Crawling cafef với topic là: thi-truong
(cafef) Request trang chủ thành công!
(cafef) Request timeline trang 2 thành công!
Đã đạt đến dữ liệu cũ hơn 1 ngày. Dừng crawl.
Crawling cafef với topic là: vi-mo-dau-tu
(cafef) Request trang chủ thành công!
(cafef) Request timeline trang 2 thành công!
Đã đạt đến dữ liệu cũ hơn 1 ngày. Dừng crawl.
Crawling vietstock với channelID là: 773

(Vietstock) Đang xử lý trang 1:
Đã đạt đến dữ liệu cũ hơn 1 ngày. Dừng crawl.
Crawling vietstock với channelID là: 1636

(Vietstock) Đang xử lý trang 1:
Đã đạt đến dữ liệu cũ hơn 1 ngày. Dừng crawl.
Crawling vietstock với channelID là: 761

(Vietstock) Đang xử lý trang 1:
Đã đạt đến dữ liệu cũ hơn 1 ngày. Dừng crawl.
Đã thêm dữ liệu tin tức.
Crawl thành công!
=== Xong ===
=== Bắt đầu crawler ===
Bắt đầu Crawl dữ liệu...
Crawling cafef với topic là: tai-chinh-quoc-te
(cafef) Request trang chủ thành công!
(cafef) Request timeline trang 2 thành công!
Đã đạt đến dữ liệu cũ hơn 1 ngày. Dừng crawl.
Crawling cafef với topic là: thi-truong
(cafef) Request trang chủ thành công!
Đã đạt đến dữ liệu cũ hơn 1 ngày. Dừng crawl.
Crawling cafef với topic là: vi-mo-dau-tu
(cafef) Request trang chủ thành công!
(cafef) Request timeline trang 2 thành công!
Đã đạt đến dữ liệu cũ hơn 1 ngày. Dừng crawl.
Crawling vietstock với channelID là: 773

(Vietstock) Đang xử lý trang 1:
Đã đạt đến dữ liệu cũ hơn 1 ngày. Dừng crawl.
Crawling vietstock với channelID là: 1636

(Vietstock) Đang xử lý trang 1:
Đã đạt đến dữ liệu cũ hơn 1 ngày. Dừng crawl.
Crawling vietstock với channelID là: 761

(Vietstock) Đang xử lý trang 1:
Đã đạt đến dữ liệu cũ hơn 1 ngày. Dừng crawl.
Đã thêm dữ liệu tin tức.
Crawl thành công!
=== Xong ===
=== Bắt đầu crawler ===
Bắt đầu Crawl dữ liệu...
Crawling cafef với topic là: tai-chinh-quoc-te
(cafef) Request trang chủ thành công!
Đã đạt đến dữ liệu cũ hơn 1 ngày. Dừng crawl.
Crawling cafef với topic là: thi-truong
(cafef) Request trang chủ thành công!
Đã đạt đến dữ liệu cũ hơn 1 ngày. Dừng crawl.
Crawling cafef với topic là: vi-mo-dau-tu
(cafef) Request trang chủ thành công!
(cafef) Request timeline trang 2 thành công!
Đã đạt đến dữ liệu cũ hơn 1 ngày. Dừng crawl.
Crawling vietstock với channelID là: 773

(Vietstock) Đang xử lý trang 1:
Đã đạt đến dữ liệu cũ hơn 1 ngày. Dừng crawl.
Crawling vietstock với channelID là: 1636

(Vietstock) Đang xử lý trang 1:
Đã đạt đến dữ liệu cũ hơn 1 ngày. Dừng crawl.
Crawling vietstock với channelID là: 761

(Vietstock) Đang xử lý trang 1:
Đã đạt đến dữ liệu cũ hơn 1 ngày. Dừng crawl.
Đã thêm dữ liệu tin tức.
Crawl thành công!
=== Xong ===
=== Bắt đầu crawler ===
Bắt đầu Crawl dữ liệu...
Crawling cafef với topic là: tai-chinh-quoc-te
(cafef) Request trang chủ thành công!
(cafef) Request timeline trang 2 thành công!
(cafef) Request timeline trang 3 thành công!
Đã đạt đến dữ liệu cũ hơn 1 ngày. Dừng crawl.
Crawling cafef với topic là: thi-truong
(cafef) Request trang chủ thành công!
(cafef) Request timeline trang 2 thành công!
Đã đạt đến dữ liệu cũ hơn 1 ngày. Dừng crawl.
Crawling cafef với topic là: vi-mo-dau-tu
(cafef) Request trang chủ thành công!
(cafef) Request timeline trang 2 thành công!
Đã đạt đến dữ liệu cũ hơn 1 ngày. Dừng crawl.
Crawling vietstock với channelID là: 773

(Vietstock) Đang xử lý trang 1:
(Vietstock) Không tìm thấy thời gian trong bài viết: http://fili.vn/2025/08/chung-khoan-my-giam-diem-cho-bao-cao-lam-phat-my-773-1340286.htm
Đã đạt đến dữ liệu cũ hơn 1 ngày. Dừng crawl.
Crawling vietstock với channelID là: 1636

(Vietstock) Đang xử lý trang 1:
Đã đạt đến dữ liệu cũ hơn 1 ngày. Dừng crawl.
Crawling vietstock với channelID là: 761

(Vietstock) Đang xử lý trang 1:
Đã đạt đến dữ liệu cũ hơn 1 ngày. Dừng crawl.
Đã thêm dữ liệu tin tức.
Crawl thành công!
=== Xong ===
=== Bắt đầu crawler ===
Bắt đầu Crawl dữ liệu...
Crawling cafef với topic là: tai-chinh-quoc-te
(cafef) Request trang chủ thành công!
(cafef) Request timeline trang 2 thành công!
Đã đạt đến dữ liệu cũ hơn 1 ngày. Dừng crawl.
Crawling cafef với topic là: thi-truong
(cafef) Request trang chủ thành công!
(cafef) Request timeline trang 2 thành công!
Đã đạt đến dữ liệu cũ hơn 1 ngày. Dừng crawl.
Crawling cafef với topic là: vi-mo-dau-tu
(cafef) Request trang chủ thành công!
(cafef) Request timeline trang 2 thành công!
Đã đạt đến dữ liệu cũ hơn 1 ngày. Dừng crawl.
Crawling vietstock với channelID là: 773

(Vietstock) Đang xử lý trang 1:
Đã đạt đến dữ liệu cũ hơn 1 ngày. Dừng crawl.
Crawling vietstock với channelID là: 1636

(Vietstock) Đang xử lý trang 1:
Đã đạt đến dữ liệu cũ hơn 1 ngày. Dừng crawl.
Crawling vietstock với channelID là: 761

(Vietstock) Đang xử lý trang 1:
Đã đạt đến dữ liệu cũ hơn 1 ngày. Dừng crawl.
Đã thêm dữ liệu tin tức.
Crawl thành công!
=== Xong ===
=== Bắt đầu crawler ===
Bắt đầu Crawl dữ liệu...
Crawling cafef với topic là: tai-chinh-quoc-te
(cafef) Request trang chủ thành công!
(cafef) Request timeline trang 2 thành công!
(cafef) Request timeline trang 3 thành công!
Đã đạt đến dữ liệu cũ hơn 1 ngày. Dừng crawl.
Crawling cafef với topic là: thi-truong
(cafef) Request trang chủ thành công!
(cafef) Request timeline trang 2 thành công!
Đã đạt đến dữ liệu cũ hơn 1 ngày. Dừng crawl.
Crawling cafef với topic là: vi-mo-dau-tu
(cafef) Request trang chủ thành công!
(cafef) Request timeline trang 2 thành công!
Đã đạt đến dữ liệu cũ hơn 1 ngày. Dừng crawl.
Crawling vietstock với channelID là: 773

(Vietstock) Đang xử lý trang 1:
Đã đạt đến dữ liệu cũ hơn 1 ngày. Dừng crawl.
Crawling vietstock với channelID là: 1636

(Vietstock) Đang xử lý trang 1:
Đã đạt đến dữ liệu cũ hơn 1 ngày. Dừng crawl.
Crawling vietstock với channelID là: 761

(Vietstock) Đang xử lý trang 1:
Đã đạt đến dữ liệu cũ hơn 1 ngày. Dừng crawl.
Đã thêm dữ liệu tin tức.
Crawl thành công!
=== Xong ===
=== Bắt đầu crawler ===
Bắt đầu Crawl dữ liệu...
Crawling cafef với topic là: tai-chinh-quoc-te
(cafef) Request trang chủ thành công!
(cafef) Request timeline trang 2 thành công!
Đã đạt đến dữ liệu cũ hơn 1 ngày. Dừng crawl.
Crawling cafef với topic là: thi-truong
(cafef) Request trang chủ thành công!
(cafef) Request timeline trang 2 thành công!
(cafef) Request timeline trang 3 thành công!
Đã đạt đến dữ liệu cũ hơn 1 ngày. Dừng crawl.
Crawling cafef với topic là: vi-mo-dau-tu
(cafef) Request trang chủ thành công!
Đã đạt đến dữ liệu cũ hơn 1 ngày. Dừng crawl.
Crawling vietstock với channelID là: 773

(Vietstock) Đang xử lý trang 1:
Đã đạt đến dữ liệu cũ hơn 1 ngày. Dừng crawl.
Crawling vietstock với channelID là: 1636

(Vietstock) Đang xử lý trang 1:
Đã đạt đến dữ liệu cũ hơn 1 ngày. Dừng crawl.
Crawling vietstock với channelID là: 761

(Vietstock) Đang xử lý trang 1:
Đã đạt đến dữ liệu cũ hơn 1 ngày. Dừng crawl.
Đã thêm dữ liệu tin tức.
Crawl thành công!
=== Xong ===
